666666666666666
99999999999999
菜鸡   你会写hello world 吗
